------------------------------------------------------------
Timing Analyzer Summary
------------------------------------------------------------

Type  : Slow 1100mV 85C Model Setup 'clk'
Slack : -2.871
TNS   : -33.022

Type  : Slow 1100mV 85C Model Hold 'clk'
Slack : 0.591
TNS   : 0.000

Type  : Slow 1100mV 85C Model Recovery 'clk'
Slack : -4.730
TNS   : -73.006

Type  : Slow 1100mV 85C Model Removal 'clk'
Slack : 0.833
TNS   : 0.000

Type  : Slow 1100mV 85C Model Minimum Pulse Width 'clk'
Slack : -0.724
TNS   : -23.294

Type  : Slow 1100mV 0C Model Setup 'clk'
Slack : -3.107
TNS   : -35.021

Type  : Slow 1100mV 0C Model Hold 'clk'
Slack : 0.565
TNS   : 0.000

Type  : Slow 1100mV 0C Model Recovery 'clk'
Slack : -4.875
TNS   : -73.444

Type  : Slow 1100mV 0C Model Removal 'clk'
Slack : 0.432
TNS   : 0.000

Type  : Slow 1100mV 0C Model Minimum Pulse Width 'clk'
Slack : -0.724
TNS   : -23.378

Type  : Fast 1100mV 85C Model Setup 'clk'
Slack : -0.983
TNS   : -7.029

Type  : Fast 1100mV 85C Model Hold 'clk'
Slack : 0.198
TNS   : 0.000

Type  : Fast 1100mV 85C Model Recovery 'clk'
Slack : -1.888
TNS   : -28.653

Type  : Fast 1100mV 85C Model Removal 'clk'
Slack : 0.250
TNS   : 0.000

Type  : Fast 1100mV 85C Model Minimum Pulse Width 'clk'
Slack : -0.256
TNS   : -3.145

Type  : Fast 1100mV 0C Model Setup 'clk'
Slack : -0.877
TNS   : -6.379

Type  : Fast 1100mV 0C Model Hold 'clk'
Slack : 0.189
TNS   : 0.000

Type  : Fast 1100mV 0C Model Recovery 'clk'
Slack : -1.680
TNS   : -25.132

Type  : Fast 1100mV 0C Model Removal 'clk'
Slack : 0.142
TNS   : 0.000

Type  : Fast 1100mV 0C Model Minimum Pulse Width 'clk'
Slack : -0.272
TNS   : -3.259

------------------------------------------------------------
